STAR version=                 2.7.11b
STAR compilation time,server,dir= :/Users/lorenaistvanovic/programming/završni/star_comparison/build/STAR-src/source
STAR git: Not currently on any branch. ; commit b1edc1208d91a53bf40ebae8669f71d50b994851 ; diff files: source/Makefile source/ReadAlignChunk_mapChunk.cpp 
##### Command Line:
/Users/lorenaistvanovic/programming/završni/star_comparison/bin/STAR --runMode alignReads --runThreadN 6 --genomeDir /Users/lorenaistvanovic/programming/završni/star_comparison/index --readFilesIn /Users/lorenaistvanovic/programming/završni/Fly/IFM48h_1.fastq --outSAMtype SAM --outFileNamePrefix /Users/lorenaistvanovic/programming/završni/star_comparison/results/star/IFM48h_1.
##### Initial USER parameters from Command Line:
outFileNamePrefix                 /Users/lorenaistvanovic/programming/završni/star_comparison/results/star/IFM48h_1.
###### All USER parameters from Command Line:
runMode                       alignReads        ~RE-DEFINED
runThreadN                    6     ~RE-DEFINED
genomeDir                     /Users/lorenaistvanovic/programming/završni/star_comparison/index     ~RE-DEFINED
readFilesIn                   /Users/lorenaistvanovic/programming/završni/Fly/IFM48h_1.fastq        ~RE-DEFINED
outSAMtype                    SAM        ~RE-DEFINED
outFileNamePrefix             /Users/lorenaistvanovic/programming/završni/star_comparison/results/star/IFM48h_1.     ~RE-DEFINED
##### Finished reading parameters from all sources

##### Final user re-defined parameters-----------------:
runMode                           alignReads   
runThreadN                        6
genomeDir                         /Users/lorenaistvanovic/programming/završni/star_comparison/index
readFilesIn                       /Users/lorenaistvanovic/programming/završni/Fly/IFM48h_1.fastq   
outFileNamePrefix                 /Users/lorenaistvanovic/programming/završni/star_comparison/results/star/IFM48h_1.
outSAMtype                        SAM   

-------------------------------
##### Final effective command line:
/Users/lorenaistvanovic/programming/završni/star_comparison/bin/STAR   --runMode alignReads      --runThreadN 6   --genomeDir /Users/lorenaistvanovic/programming/završni/star_comparison/index   --readFilesIn /Users/lorenaistvanovic/programming/završni/Fly/IFM48h_1.fastq      --outFileNamePrefix /Users/lorenaistvanovic/programming/završni/star_comparison/results/star/IFM48h_1.   --outSAMtype SAM   
----------------------------------------

Number of fastq files for each mate = 1
ParametersSolo: --soloCellFilterType CellRanger2.2 filtering parameters:  3000 0.99 10
Finished loading and checking parameters
Reading genome generation parameters:
### /Users/lorenaistvanovic/programming/završni/star_comparison/bin/STAR   --runMode genomeGenerate      --runThreadN 6   --genomeDir /Users/lorenaistvanovic/programming/završni/star_comparison/index   --genomeFastaFiles /Users/lorenaistvanovic/programming/završni/Fly/Drosophila_melanogaster.BDGP6.dna.toplevel.fa      --genomeSAindexNbases 12   --genomeChrBinNbits 16
### GstrandBit=32
versionGenome                 2.7.4a     ~RE-DEFINED
genomeType                    Full     ~RE-DEFINED
genomeFastaFiles              /Users/lorenaistvanovic/programming/završni/Fly/Drosophila_melanogaster.BDGP6.dna.toplevel.fa        ~RE-DEFINED
genomeSAindexNbases           12     ~RE-DEFINED
genomeChrBinNbits             16     ~RE-DEFINED
genomeSAsparseD               1     ~RE-DEFINED
genomeTransformType           None     ~RE-DEFINED
genomeTransformVCF            -     ~RE-DEFINED
sjdbOverhang                  0     ~RE-DEFINED
sjdbFileChrStartEnd           -        ~RE-DEFINED
sjdbGTFfile                   -     ~RE-DEFINED
sjdbGTFchrPrefix              -     ~RE-DEFINED
sjdbGTFfeatureExon            exon     ~RE-DEFINED
sjdbGTFtagExonParentTranscripttranscript_id     ~RE-DEFINED
sjdbGTFtagExonParentGene      gene_id     ~RE-DEFINED
sjdbInsertSave                Basic     ~RE-DEFINED
genomeFileSizes               260308992   1176227394        ~RE-DEFINED
Genome version is compatible with current STAR
Number of real (reference) chromosomes= 1870
1	2L	23513712	0
2	2R	25286936	23527424
3	3L	28110227	48824320
4	3R	32079331	76939264
5	4	1348131	109051904
6	X	23542271	110428160
7	Y	3667352	134021120
8	dmel_mitochondrion_genome	19517	137691136
9	Unmapped_Scaffold_8	88768	137756672
10	3Cen_mapped_Scaffold_31	87365	137887744
11	Unmapped_Scaffold_4	86267	138018816
12	rDNA	76973	138149888
13	3Cen_mapped_Scaffold_1	76224	138280960
14	Y_mapped_Scaffold_5	73091	138412032
15	Y_mapped_Scaffold_9	66731	138543104
16	Y_mapped_Scaffold_12	66439	138674176
17	Unmapped_Scaffold_17	62570	138805248
18	Unmapped_Scaffold_35	57785	138870784
19	XY_mapped_Scaffold_7	50625	138936320
20	XY_mapped_Scaffold_42	47411	139001856
21	Unmapped_Scaffold_28	46986	139067392
22	Unmapped_Scaffold_22	45120	139132928
23	2Cen_mapped_Scaffold_43	44411	139198464
24	Y_mapped_Scaffold_53	44104	139264000
25	Unmapped_Scaffold_52	43383	139329536
26	Y_mapped_Scaffold_20	39041	139395072
27	Unmapped_Scaffold_29	37106	139460608
28	3Cen_mapped_Scaffold_36	36913	139526144
29	Unmapped_Scaffold_11	36482	139591680
30	Y_mapped_Scaffold_18	34521	139657216
31	Y_mapped_Scaffold_21	34359	139722752
32	X3X4_mapped_Scaffold_6	33320	139788288
33	Y_mapped_Scaffold_15	33316	139853824
34	Y_mapped_Scaffold_23	31460	139919360
35	Unmapped_Scaffold_45	29583	139984896
36	Unmapped_Scaffold_38	28305	140050432
37	211000022278049	27456	140115968
38	X3X4_mapped_Scaffold_14	27447	140181504
39	Unmapped_Scaffold_48	26115	140247040
40	211000022278415	25840	140312576
41	Y_mapped_Scaffold_30	25805	140378112
42	Unmapped_Scaffold_44	25698	140443648
43	Unmapped_Scaffold_46	25560	140509184
44	Unmapped_Scaffold_13	25537	140574720
45	Unmapped_Scaffold_60	24503	140640256
46	Y_mapped_Scaffold_34	24380	140705792
47	3Cen_mapped_Scaffold_50	23238	140771328
48	Unmapped_Scaffold_24	22882	140836864
49	3Cen_mapped_Scaffold_41	22604	140902400
50	Y_mapped_Scaffold_26	21921	140967936
51	211000022278354	21074	141033472
52	Unmapped_Scaffold_37	20763	141099008
53	2Cen_mapped_Scaffold_10	19956	141164544
54	211000022280761	18299	141230080
55	Unmapped_Scaffold_32	16157	141295616
56	211000022279276	15522	141361152
57	211000022280772	15417	141426688
58	211000022280237	15068	141492224
59	211000022279114	14983	141557760
60	211000022278217	14687	141623296
61	211000022280659	14503	141688832
62	211000022278974	14199	141754368
63	211000022280328	14098	141819904
64	211000022280541	14028	141885440
65	211000022278653	14006	141950976
66	211000022278498	13940	142016512
67	211000022280259	13935	142082048
68	211000022278875	13906	142147584
69	211000022279892	13553	142213120
70	211000022279009	13549	142278656
71	211000022280596	13501	142344192
72	211000022279719	13455	142409728
73	Unmapped_Scaffold_51	13455	142475264
74	211000022279579	13416	142540800
75	211000022280042	13394	142606336
76	211000022279094	13317	142671872
77	211000022279556	13256	142737408
78	211000022279446	13234	142802944
79	2R2_mapped_Scaffold_56	13157	142868480
80	211000022280270	13108	142934016
81	211000022280187	13079	142999552
82	211000022279146	12856	143065088
83	211000022279008	12848	143130624
84	211000022279754	12827	143196160
85	211000022278279	12714	143261696
86	211000022278185	12681	143327232
87	211000022279420	12654	143392768
88	Unmapped_Scaffold_54	12632	143458304
89	211000022279022	12632	143523840
90	211000022279503	12536	143589376
91	211000022280742	12513	143654912
92	211000022279345	12459	143720448
93	211000022279829	12424	143785984
94	211000022278978	12424	143851520
95	211000022278916	12399	143917056
96	211000022279098	12368	143982592
97	211000022278777	12354	144048128
98	211000022279676	12187	144113664
99	211000022279594	12148	144179200
100	211000022279637	12142	144244736
101	211000022279456	12095	144310272
102	211000022279893	12034	144375808
103	211000022278273	12027	144441344
104	211000022279001	12002	144506880
105	211000022280763	12001	144572416
106	211000022278390	11985	144637952
107	3Cen_mapped_Scaffold_27	11983	144703488
108	211000022279189	11958	144769024
109	211000022278399	11951	144834560
110	211000022279523	11807	144900096
111	211000022279681	11763	144965632
112	211000022278549	11743	145031168
113	211000022278849	11569	145096704
114	211000022279836	11522	145162240
115	211000022279762	11498	145227776
116	211000022278269	11430	145293312
117	211000022279423	11220	145358848
118	211000022280064	11148	145424384
119	211000022278686	11126	145489920
120	Unmapped_Scaffold_58	10091	145555456
121	211000022280750	9865	145620992
122	211000022280526	9368	145686528
123	211000022279869	9341	145752064
124	211000022278215	8346	145817600
125	211000022279695	8007	145883136
126	211000022279735	7722	145948672
127	211000022280490	7314	146014208
128	211000022280465	7123	146079744
129	211000022280734	7003	146145280
130	211000022278032	6936	146210816
131	211000022280476	6900	146276352
132	211000022280735	6860	146341888
133	211000022279018	6860	146407424
134	211000022280699	6825	146472960
135	211000022280447	6698	146538496
136	211000022280640	6546	146604032
137	211000022279879	6396	146669568
138	211000022280236	6294	146735104
139	211000022279539	6237	146800640
140	211000022280519	6193	146866176
141	211000022279177	6076	146931712
142	211000022280046	6062	146997248
143	211000022280518	6041	147062784
144	211000022280545	6000	147128320
145	211000022278684	5984	147193856
146	211000022280437	5968	147259392
147	211000022280655	5952	147324928
148	211000022279884	5915	147390464
149	211000022279147	5891	147456000
150	211000022279563	5832	147521536
151	211000022280462	5772	147587072
152	211000022280472	5698	147652608
153	211000022280748	5564	147718144
154	211000022279955	5555	147783680
155	211000022279688	5520	147849216
156	211000022279380	5465	147914752
157	211000022280517	5463	147980288
158	211000022280241	5387	148045824
159	211000022280727	5383	148111360
160	211000022279257	5360	148176896
161	211000022280656	5324	148242432
162	211000022278556	5323	148307968
163	211000022280637	5316	148373504
164	211000022279634	5281	148439040
165	211000022280466	5232	148504576
166	211000022279559	5189	148570112
167	211000022278960	5182	148635648
168	211000022280459	5098	148701184
169	211000022280720	5061	148766720
170	211000022278712	5060	148832256
171	211000022279883	5057	148897792
172	211000022280583	5026	148963328
173	211000022280615	5000	149028864
174	211000022280461	4996	149094400
175	211000022280558	4994	149159936
176	211000022280087	4986	149225472
177	211000022279928	4967	149291008
178	211000022279913	4939	149356544
179	211000022280589	4933	149422080
180	211000022280649	4917	149487616
181	211000022280445	4903	149553152
182	211000022279453	4888	149618688
183	211000022280645	4879	149684224
184	211000022280233	4865	149749760
185	211000022280015	4820	149815296
186	211000022279449	4815	149880832
187	211000022280607	4785	149946368
188	211000022280618	4705	150011904
189	211000022280503	4701	150077440
190	211000022280050	4608	150142976
191	211000022280652	4581	150208512
192	211000022279344	4573	150274048
193	211000022279701	4553	150339584
194	211000022279705	4515	150405120
195	211000022280457	4471	150470656
196	211000022278926	4465	150536192
197	211000022280743	4452	150601728
198	211000022279389	4436	150667264
199	211000022278765	4400	150732800
200	211000022280624	4395	150798336
201	211000022279463	4381	150863872
202	211000022280128	4378	150929408
203	211000022279091	4377	150994944
204	211000022279396	4370	151060480
205	211000022279940	4361	151126016
206	211000022280516	4336	151191552
207	211000022279887	4310	151257088
208	211000022280671	4310	151322624
209	211000022280283	4305	151388160
210	211000022278723	4295	151453696
211	211000022280473	4289	151519232
212	211000022280202	4273	151584768
213	211000022279855	4272	151650304
214	211000022280068	4256	151715840
215	211000022280002	4231	151781376
216	211000022278966	4225	151846912
217	211000022278089	4222	151912448
218	211000022279667	4222	151977984
219	211000022280762	4202	152043520
220	211000022280494	4197	152109056
221	211000022279052	4188	152174592
222	211000022278351	4183	152240128
223	211000022280508	4182	152305664
224	211000022278372	4163	152371200
225	211000022280653	4150	152436736
226	211000022280560	4135	152502272
227	211000022280479	4085	152567808
228	211000022280098	4081	152633344
229	211000022280016	4072	152698880
230	211000022280504	4059	152764416
231	211000022280110	4030	152829952
232	211000022280529	4013	152895488
233	211000022280539	4012	152961024
234	211000022280448	4006	153026560
235	211000022280623	3991	153092096
236	211000022279731	3984	153157632
237	211000022280446	3970	153223168
238	211000022280305	3964	153288704
239	211000022280684	3960	153354240
240	211000022278675	3950	153419776
241	211000022280603	3941	153485312
242	211000022280032	3932	153550848
243	211000022279673	3926	153616384
244	211000022278100	3924	153681920
245	211000022280439	3921	153747456
246	211000022279372	3913	153812992
247	211000022280593	3913	153878528
248	211000022280703	3906	153944064
249	211000022279750	3871	154009600
250	211000022278945	3864	154075136
251	211000022279675	3858	154140672
252	211000022280498	3818	154206208
253	211000022279243	3807	154271744
254	211000022279743	3806	154337280
255	211000022278195	3806	154402816
256	211000022280629	3775	154468352
257	211000022280471	3755	154533888
258	211000022280625	3745	154599424
259	211000022280551	3737	154664960
260	211000022280495	3730	154730496
261	211000022280455	3717	154796032
262	211000022279477	3716	154861568
263	211000022280481	3713	154927104
264	211000022278697	3708	154992640
265	211000022278602	3681	155058176
266	211000022280606	3660	155123712
267	211000022278392	3650	155189248
268	211000022279844	3649	155254784
269	211000022278611	3648	155320320
270	211000022280565	3646	155385856
271	211000022280463	3638	155451392
272	211000022280026	3622	155516928
273	211000022279370	3622	155582464
274	211000022280620	3603	155648000
275	211000022280522	3603	155713536
276	211000022280578	3602	155779072
277	211000022280562	3593	155844608
278	211000022280470	3582	155910144
279	211000022280654	3574	155975680
280	211000022279961	3557	156041216
281	211000022280525	3554	156106752
282	211000022278396	3553	156172288
283	211000022280127	3553	156237824
284	211000022279730	3553	156303360
285	211000022278601	3537	156368896
286	211000022280692	3527	156434432
287	211000022279945	3527	156499968
288	211000022278896	3523	156565504
289	211000022280156	3519	156631040
290	211000022279613	3503	156696576
291	211000022279030	3502	156762112
292	211000022279468	3499	156827648
293	211000022280668	3498	156893184
294	211000022279229	3490	156958720
295	211000022279499	3478	157024256
296	211000022278768	3477	157089792
297	211000022280597	3473	157155328
298	211000022279812	3466	157220864
299	211000022278203	3463	157286400
300	211000022278312	3458	157351936
301	211000022279431	3434	157417472
302	211000022280533	3402	157483008
303	211000022280335	3396	157548544
304	211000022280566	3389	157614080
305	211000022280556	3386	157679616
306	211000022278795	3375	157745152
307	211000022279951	3374	157810688
308	211000022279877	3373	157876224
309	211000022280554	3365	157941760
310	211000022280295	3348	158007296
311	211000022279188	3347	158072832
312	211000022280483	3341	158138368
313	211000022280570	3313	158203904
314	211000022280595	3308	158269440
315	211000022280564	3302	158334976
316	211000022280255	3299	158400512
317	211000022279772	3290	158466048
318	211000022279606	3284	158531584
319	211000022280105	3277	158597120
320	211000022279497	3275	158662656
321	211000022280524	3268	158728192
322	211000022280440	3262	158793728
323	211000022280480	3259	158859264
324	211000022280687	3259	158924800
325	211000022278361	3254	158990336
326	211000022280296	3252	159055872
327	211000022280115	3234	159121408
328	211000022279953	3227	159186944
329	211000022280588	3223	159252480
330	211000022279982	3218	159318016
331	211000022278218	3213	159383552
332	211000022280008	3209	159449088
333	211000022278544	3206	159514624
334	211000022279394	3201	159580160
335	211000022280669	3201	159645696
336	211000022279265	3197	159711232
337	211000022279284	3196	159776768
338	211000022280619	3195	159842304
339	211000022280557	3190	159907840
340	211000022280555	3174	159973376
341	211000022279224	3173	160038912
342	211000022280456	3171	160104448
343	211000022278219	3162	160169984
344	211000022278438	3159	160235520
345	211000022279700	3157	160301056
346	211000022279868	3156	160366592
347	211000022279649	3154	160432128
348	211000022280211	3144	160497664
349	211000022280467	3129	160563200
350	211000022279777	3123	160628736
351	211000022280587	3123	160694272
352	211000022279169	3120	160759808
353	211000022279186	3102	160825344
354	211000022278398	3100	160890880
355	211000022280538	3100	160956416
356	211000022278280	3089	161021952
357	211000022280511	3085	161087488
358	211000022278785	3080	161153024
359	211000022280114	3080	161218560
360	211000022278895	3077	161284096
361	211000022279109	3076	161349632
362	211000022278164	3073	161415168
363	211000022279179	3073	161480704
364	211000022280641	3065	161546240
365	211000022280532	3059	161611776
366	211000022279784	3058	161677312
367	211000022279642	3046	161742848
368	211000022280080	3044	161808384
369	211000022280261	3043	161873920
370	211000022280212	3025	161939456
371	211000022279460	3024	162004992
372	211000022280577	3013	162070528
373	211000022278581	3010	162136064
374	211000022280093	3009	162201600
375	211000022279081	3002	162267136
376	211000022278395	2999	162332672
377	211000022278235	2999	162398208
378	211000022280542	2996	162463744
379	211000022278744	2991	162529280
380	211000022278883	2984	162594816
381	211000022280086	2982	162660352
382	211000022280260	2982	162725888
383	211000022279837	2971	162791424
384	211000022280584	2964	162856960
385	211000022279761	2957	162922496
386	211000022278208	2956	162988032
387	211000022279277	2945	163053568
388	211000022280035	2943	163119104
389	211000022279239	2937	163184640
390	211000022279608	2937	163250176
391	211000022280037	2928	163315712
392	211000022280474	2927	163381248
393	211000022280316	2926	163446784
394	211000022280536	2924	163512320
395	211000022280686	2922	163577856
396	211000022279442	2922	163643392
397	211000022280544	2919	163708928
398	211000022278554	2916	163774464
399	211000022280251	2914	163840000
400	211000022279488	2911	163905536
401	211000022280639	2910	163971072
402	211000022278378	2905	164036608
403	211000022278724	2904	164102144
404	211000022278952	2903	164167680
405	211000022279532	2899	164233216
406	211000022280272	2893	164298752
407	211000022280010	2889	164364288
408	211000022279061	2884	164429824
409	211000022280012	2882	164495360
410	211000022280311	2882	164560896
411	211000022280205	2882	164626432
412	211000022279021	2881	164691968
413	211000022278846	2877	164757504
414	211000022280610	2876	164823040
415	211000022278868	2871	164888576
416	211000022280227	2860	164954112
417	211000022279867	2860	165019648
418	211000022279288	2858	165085184
419	211000022280333	2855	165150720
420	211000022278404	2849	165216256
421	211000022280436	2848	165281792
422	211000022279968	2846	165347328
423	211000022279698	2844	165412864
424	211000022278463	2841	165478400
425	211000022279382	2836	165543936
426	211000022279552	2834	165609472
427	211000022279703	2833	165675008
428	211000022280642	2830	165740544
429	211000022280592	2829	165806080
430	211000022280501	2828	165871616
431	211000022279408	2825	165937152
432	211000022278821	2823	166002688
433	211000022279964	2822	166068224
434	211000022279082	2822	166133760
435	211000022278098	2820	166199296
436	211000022280537	2819	166264832
437	211000022278436	2815	166330368
438	211000022279502	2814	166395904
439	211000022280469	2811	166461440
440	211000022280340	2804	166526976
441	211000022278586	2799	166592512
442	211000022279948	2796	166658048
443	211000022279416	2795	166723584
444	211000022279521	2795	166789120
445	211000022280214	2794	166854656
446	211000022279746	2793	166920192
447	211000022278975	2793	166985728
448	211000022278923	2791	167051264
449	211000022279311	2790	167116800
450	211000022279623	2788	167182336
451	211000022279527	2787	167247872
452	211000022280171	2784	167313408
453	211000022278794	2783	167378944
454	211000022278209	2781	167444480
455	211000022279298	2765	167510016
456	211000022278734	2762	167575552
457	211000022279287	2751	167641088
458	211000022280632	2750	167706624
459	211000022280497	2745	167772160
460	211000022278440	2744	167837696
461	211000022279562	2736	167903232
462	211000022278790	2733	167968768
463	211000022279709	2728	168034304
464	211000022280138	2709	168099840
465	211000022280707	2708	168165376
466	211000022279911	2703	168230912
467	211000022278921	2698	168296448
468	211000022278421	2697	168361984
469	211000022279755	2694	168427520
470	211000022278645	2689	168493056
471	211000022278278	2688	168558592
472	211000022279653	2688	168624128
473	211000022280148	2686	168689664
474	211000022280095	2671	168755200
475	211000022279157	2670	168820736
476	211000022279973	2669	168886272
477	211000022278546	2668	168951808
478	211000022278114	2665	169017344
479	211000022280108	2664	169082880
480	211000022279233	2647	169148416
481	211000022280284	2644	169213952
482	211000022279046	2642	169279488
483	211000022278630	2641	169345024
484	211000022278316	2639	169410560
485	211000022278615	2637	169476096
486	211000022278426	2636	169541632
487	211000022279917	2635	169607168
488	211000022279602	2629	169672704
489	211000022280089	2628	169738240
490	211000022278937	2626	169803776
491	211000022280548	2618	169869312
492	211000022278732	2617	169934848
493	211000022280198	2612	170000384
494	211000022280137	2611	170065920
495	211000022278648	2605	170131456
496	211000022280112	2603	170196992
497	211000022280062	2603	170262528
498	211000022278299	2591	170328064
499	211000022279003	2588	170393600
500	211000022280141	2584	170459136
501	211000022280535	2583	170524672
502	211000022280696	2577	170590208
503	211000022280520	2577	170655744
504	211000022278327	2576	170721280
505	211000022279190	2575	170786816
506	211000022278452	2575	170852352
507	211000022280443	2575	170917888
508	211000022279483	2574	170983424
509	211000022278738	2570	171048960
510	211000022278509	2565	171114496
511	211000022280553	2561	171180032
512	211000022278489	2557	171245568
513	211000022279513	2556	171311104
514	211000022279214	2555	171376640
515	211000022279191	2549	171442176
516	211000022279056	2547	171507712
517	211000022280218	2541	171573248
518	211000022278963	2541	171638784
519	211000022279373	2536	171704320
520	211000022279116	2529	171769856
521	211000022280485	2529	171835392
522	211000022279261	2522	171900928
523	211000022278927	2521	171966464
524	211000022278743	2521	172032000
525	211000022278831	2520	172097536
526	211000022279573	2520	172163072
527	211000022279710	2517	172228608
528	211000022279898	2516	172294144
529	211000022278282	2511	172359680
530	211000022280598	2511	172425216
531	211000022279849	2510	172490752
532	211000022278683	2508	172556288
533	211000022279062	2505	172621824
534	211000022278622	2500	172687360
535	211000022278740	2491	172752896
536	211000022279126	2487	172818432
537	211000022280033	2479	172883968
538	211000022278802	2477	172949504
539	211000022279980	2476	173015040
540	211000022279902	2475	173080576
541	211000022278510	2473	173146112
542	211000022279866	2470	173211648
543	211000022278172	2464	173277184
544	211000022279994	2463	173342720
545	211000022279193	2462	173408256
546	211000022278664	2451	173473792
547	211000022279070	2447	173539328
548	211000022278493	2442	173604864
549	211000022280586	2439	173670400
550	211000022279711	2438	173735936
551	211000022279178	2438	173801472
552	211000022280492	2438	173867008
553	211000022278858	2435	173932544
554	211000022279651	2434	173998080
555	211000022278225	2432	174063616
556	211000022279850	2431	174129152
557	211000022279909	2429	174194688
558	211000022279780	2428	174260224
559	211000022280643	2425	174325760
560	211000022278828	2425	174391296
561	211000022279436	2421	174456832
562	211000022280679	2421	174522368
563	211000022279537	2420	174587904
564	211000022280626	2419	174653440
565	211000022280561	2417	174718976
566	211000022279967	2413	174784512
567	211000022278578	2412	174850048
568	211000022279960	2400	174915584
569	211000022279000	2394	174981120
570	211000022278335	2390	175046656
571	211000022278507	2390	175112192
572	211000022278908	2389	175177728
573	211000022280144	2385	175243264
574	211000022280302	2385	175308800
575	211000022279635	2385	175374336
576	211000022278942	2384	175439872
577	211000022278716	2383	175505408
578	211000022279122	2383	175570944
579	211000022279247	2382	175636480
580	211000022278869	2381	175702016
581	211000022279810	2381	175767552
582	211000022279259	2379	175833088
583	211000022280453	2379	175898624
584	211000022280747	2378	175964160
585	211000022280289	2375	176029696
586	211000022279530	2372	176095232
587	211000022279197	2369	176160768
588	211000022280208	2368	176226304
589	211000022279340	2366	176291840
590	211000022278844	2363	176357376
591	211000022280507	2357	176422912
592	211000022279704	2355	176488448
593	211000022278387	2354	176553984
594	211000022280534	2353	176619520
595	211000022279058	2352	176685056
596	211000022278934	2344	176750592
597	211000022279334	2342	176816128
598	211000022280228	2342	176881664
599	211000022278649	2335	176947200
600	211000022278220	2330	177012736
601	211000022280633	2328	177078272
602	211000022279612	2328	177143808
603	211000022279966	2326	177209344
604	211000022280058	2325	177274880
605	211000022279092	2322	177340416
606	211000022279774	2318	177405952
607	211000022279504	2317	177471488
608	211000022279787	2308	177537024
609	211000022278810	2307	177602560
610	211000022278536	2304	177668096
611	211000022278577	2303	177733632
612	211000022280580	2295	177799168
613	211000022278557	2293	177864704
614	211000022279011	2291	177930240
615	211000022279689	2289	177995776
616	211000022279085	2287	178061312
617	211000022278341	2286	178126848
618	211000022279553	2284	178192384
619	211000022278823	2283	178257920
620	211000022279732	2282	178323456
621	211000022278612	2273	178388992
622	211000022280698	2270	178454528
623	211000022278639	2269	178520064
624	211000022278178	2266	178585600
625	211000022278629	2259	178651136
626	211000022278249	2259	178716672
627	211000022278860	2253	178782208
628	211000022279479	2248	178847744
629	211000022280330	2247	178913280
630	211000022279299	2237	178978816
631	211000022280568	2234	179044352
632	211000022279949	2232	179109888
633	211000022280024	2232	179175424
634	211000022278513	2228	179240960
635	211000022278953	2227	179306496
636	211000022280088	2223	179372032
637	211000022278672	2221	179437568
638	211000022279514	2220	179503104
639	211000022279101	2217	179568640
640	211000022280621	2216	179634176
641	211000022280442	2210	179699712
642	211000022278461	2209	179765248
643	211000022279929	2207	179830784
644	211000022279932	2206	179896320
645	211000022280599	2205	179961856
646	211000022278608	2201	180027392
647	211000022278888	2200	180092928
648	211000022280153	2198	180158464
649	211000022279118	2198	180224000
650	211000022278628	2196	180289536
651	211000022278359	2192	180355072
652	211000022279039	2190	180420608
653	211000022278555	2189	180486144
654	211000022278467	2189	180551680
655	211000022279476	2187	180617216
656	211000022278652	2185	180682752
657	211000022278775	2177	180748288
658	211000022278205	2176	180813824
659	211000022280223	2173	180879360
660	211000022278853	2166	180944896
661	211000022278616	2161	181010432
662	211000022280133	2161	181075968
663	211000022280500	2157	181141504
664	211000022278825	2147	181207040
665	211000022279834	2139	181272576
666	211000022279084	2132	181338112
667	211000022280176	2129	181403648
668	211000022279307	2126	181469184
669	211000022279663	2124	181534720
670	211000022280135	2124	181600256
671	211000022280631	2119	181665792
672	211000022279756	2117	181731328
673	211000022278353	2114	181796864
674	211000022278343	2113	181862400
675	211000022278490	2113	181927936
676	211000022278320	2113	181993472
677	211000022280617	2112	182059008
678	211000022279305	2109	182124544
679	211000022280070	2108	182190080
680	211000022279470	2105	182255616
681	211000022278968	2105	182321152
682	211000022279310	2103	182386688
683	211000022279807	2102	182452224
684	211000022278840	2096	182517760
685	211000022279583	2096	182583296
686	211000022279063	2094	182648832
687	211000022278874	2094	182714368
688	211000022279044	2092	182779904
689	211000022278206	2090	182845440
690	211000022278431	2089	182910976
691	211000022278138	2088	182976512
692	211000022278464	2087	183042048
693	211000022279804	2087	183107584
694	211000022278522	2086	183173120
695	211000022278711	2084	183238656
696	211000022278919	2081	183304192
697	211000022279942	2079	183369728
698	211000022278845	2079	183435264
699	211000022278226	2078	183500800
700	211000022278216	2076	183566336
701	211000022279601	2068	183631872
702	211000022279641	2064	183697408
703	211000022279937	2063	183762944
704	211000022280294	2063	183828480
705	211000022280143	2062	183894016
706	211000022279096	2060	183959552
707	211000022279715	2060	184025088
708	211000022279517	2060	184090624
709	211000022278506	2059	184156160
710	211000022279733	2050	184221696
711	211000022279376	2046	184287232
712	211000022279332	2044	184352768
713	211000022278439	2043	184418304
714	211000022278695	2035	184483840
715	211000022278922	2033	184549376
716	211000022278780	2033	184614912
717	211000022279198	2030	184680448
718	211000022278707	2027	184745984
719	211000022278817	2021	184811520
720	211000022278047	2020	184877056
721	211000022278284	2017	184942592
722	211000022280151	2014	185008128
723	211000022279237	2010	185073664
724	211000022280594	2009	185139200
725	211000022278120	2008	185204736
726	211000022278254	2006	185270272
727	211000022280192	2006	185335808
728	211000022278984	2005	185401344
729	211000022278589	2005	185466880
730	211000022278362	1998	185532416
731	211000022279162	1998	185597952
732	211000022278482	1998	185663488
733	211000022279654	1995	185729024
734	211000022278820	1993	185794560
735	211000022279130	1990	185860096
736	211000022279820	1990	185925632
737	211000022279712	1988	185991168
738	211000022278515	1986	186056704
739	211000022278619	1986	186122240
740	211000022278976	1980	186187776
741	211000022278233	1978	186253312
742	211000022279851	1976	186318848
743	211000022278982	1976	186384384
744	211000022279282	1975	186449920
745	211000022278271	1974	186515456
746	211000022278317	1970	186580992
747	211000022279217	1966	186646528
748	211000022279889	1966	186712064
749	211000022278678	1966	186777600
750	211000022278321	1964	186843136
751	211000022278879	1963	186908672
752	211000022280269	1962	186974208
753	211000022278528	1962	187039744
754	211000022279571	1962	187105280
755	211000022279268	1961	187170816
756	211000022280195	1961	187236352
757	211000022279628	1961	187301888
758	211000022278229	1956	187367424
759	211000022278211	1956	187432960
760	211000022278319	1947	187498496
761	211000022278449	1947	187564032
762	211000022279900	1947	187629568
763	211000022279795	1946	187695104
764	211000022278446	1945	187760640
765	211000022278460	1944	187826176
766	211000022280028	1943	187891712
767	211000022279075	1939	187957248
768	211000022280612	1936	188022784
769	211000022280605	1936	188088320
770	211000022278643	1935	188153856
771	211000022279245	1933	188219392
772	211000022279228	1933	188284928
773	211000022280301	1931	188350464
774	211000022279627	1929	188416000
775	211000022278627	1928	188481536
776	211000022278304	1928	188547072
777	211000022278480	1927	188612608
778	211000022278406	1926	188678144
779	211000022278890	1926	188743680
780	211000022279366	1924	188809216
781	211000022278365	1920	188874752
782	211000022279657	1917	188940288
783	211000022278812	1916	189005824
784	211000022280622	1916	189071360
785	211000022279969	1907	189136896
786	211000022278468	1906	189202432
787	211000022278929	1905	189267968
788	211000022279072	1904	189333504
789	211000022279285	1903	189399040
790	211000022280628	1903	189464576
791	211000022280657	1903	189530112
792	211000022278462	1902	189595648
793	211000022279473	1901	189661184
794	211000022279158	1900	189726720
795	211000022278435	1900	189792256
796	211000022278346	1899	189857792
797	211000022278826	1895	189923328
798	211000022278815	1895	189988864
799	211000022278274	1893	190054400
800	211000022278694	1891	190119936
801	211000022280293	1890	190185472
802	211000022279104	1890	190251008
803	211000022278411	1888	190316544
804	211000022279029	1882	190382080
805	211000022278988	1872	190447616
806	211000022279199	1872	190513152
807	211000022279303	1871	190578688
808	211000022278318	1870	190644224
809	211000022280347	1870	190709760
810	211000022278352	1869	190775296
811	211000022278277	1869	190840832
812	211000022279921	1869	190906368
813	211000022280585	1868	190971904
814	211000022278636	1865	191037440
815	211000022279538	1863	191102976
816	211000022279494	1863	191168512
817	211000022278854	1856	191234048
818	211000022279574	1854	191299584
819	211000022280344	1851	191365120
820	211000022279139	1849	191430656
821	211000022279192	1843	191496192
822	211000022278481	1843	191561728
823	211000022278325	1843	191627264
824	211000022278911	1843	191692800
825	211000022278774	1842	191758336
826	211000022278502	1841	191823872
827	211000022279080	1841	191889408
828	211000022279097	1832	191954944
829	211000022280220	1832	192020480
830	211000022279301	1830	192086016
831	211000022278614	1829	192151552
832	211000022278905	1829	192217088
833	211000022279002	1826	192282624
834	211000022279971	1819	192348160
835	211000022278475	1818	192413696
836	211000022278625	1818	192479232
837	211000022278876	1813	192544768
838	211000022278465	1813	192610304
839	211000022279745	1806	192675840
840	211000022280060	1803	192741376
841	211000022280320	1802	192806912
842	211000022280326	1801	192872448
843	211000022279633	1800	192937984
844	211000022279078	1800	193003520
845	211000022279846	1798	193069056
846	211000022280161	1797	193134592
847	211000022278228	1793	193200128
848	211000022279093	1792	193265664
849	211000022278633	1787	193331200
850	211000022278634	1786	193396736
851	211000022279121	1785	193462272
852	211000022278613	1785	193527808
853	211000022279858	1776	193593344
854	211000022279230	1775	193658880
855	211000022278819	1775	193724416
856	211000022278941	1775	193789952
857	211000022279481	1770	193855488
858	211000022279322	1769	193921024
859	211000022279123	1766	193986560
860	211000022279208	1761	194052096
861	211000022279989	1756	194117632
862	211000022279049	1754	194183168
863	211000022278565	1751	194248704
864	211000022279296	1747	194314240
865	211000022279159	1747	194379776
866	211000022278842	1747	194445312
867	211000022278473	1743	194510848
868	211000022278816	1741	194576384
869	211000022280298	1738	194641920
870	211000022278314	1737	194707456
871	211000022279337	1734	194772992
872	211000022280700	1733	194838528
873	211000022278388	1732	194904064
874	211000022278992	1728	194969600
875	211000022279931	1724	195035136
876	211000022278907	1724	195100672
877	211000022279450	1719	195166208
878	211000022278559	1719	195231744
879	211000022278677	1716	195297280
880	211000022280160	1716	195362816
881	211000022280247	1715	195428352
882	211000022278132	1714	195493888
883	211000022278165	1713	195559424
884	211000022279026	1712	195624960
885	211000022278306	1710	195690496
886	211000022280243	1710	195756032
887	211000022278125	1709	195821568
888	211000022279297	1708	195887104
889	211000022278621	1704	195952640
890	211000022279896	1703	196018176
891	211000022278491	1703	196083712
892	211000022279575	1696	196149248
893	211000022279936	1690	196214784
894	211000022279025	1690	196280320
895	211000022279065	1687	196345856
896	211000022279490	1685	196411392
897	211000022278471	1683	196476928
898	211000022278709	1683	196542464
899	211000022279582	1683	196608000
900	211000022279077	1680	196673536
901	211000022278938	1679	196739072
902	211000022278469	1678	196804608
903	211000022279970	1675	196870144
904	211000022279788	1667	196935680
905	211000022278484	1657	197001216
906	211000022278224	1650	197066752
907	211000022278726	1645	197132288
908	211000022278472	1643	197197824
909	211000022279934	1643	197263360
910	211000022280074	1641	197328896
911	211000022278620	1637	197394432
912	211000022279680	1637	197459968
913	211000022279064	1637	197525504
914	211000022280061	1636	197591040
915	211000022278839	1630	197656576
916	211000022280315	1629	197722112
917	211000022280226	1625	197787648
918	211000022278099	1625	197853184
919	211000022279316	1623	197918720
920	211000022278670	1622	197984256
921	211000022279090	1619	198049792
922	211000022278298	1614	198115328
923	211000022278979	1611	198180864
924	211000022278754	1610	198246400
925	211000022279839	1610	198311936
926	211000022278969	1608	198377472
927	211000022280297	1597	198443008
928	211000022279542	1595	198508544
929	211000022278376	1594	198574080
930	211000022280131	1586	198639616
931	211000022278525	1586	198705152
932	211000022279957	1586	198770688
933	211000022279040	1581	198836224
934	211000022279691	1577	198901760
935	211000022278584	1577	198967296
936	211000022278323	1575	199032832
937	211000022279076	1573	199098368
938	211000022278176	1571	199163904
939	211000022278597	1567	199229440
940	211000022278866	1566	199294976
941	211000022280292	1560	199360512
942	211000022278315	1560	199426048
943	211000022278857	1558	199491584
944	211000022279244	1556	199557120
945	211000022280029	1556	199622656
946	211000022280196	1555	199688192
947	211000022280694	1553	199753728
948	211000022278334	1552	199819264
949	211000022278891	1550	199884800
950	211000022278655	1550	199950336
951	211000022278521	1549	200015872
952	211000022278671	1546	200081408
953	211000022278850	1544	200146944
954	211000022279842	1543	200212480
955	211000022278232	1541	200278016
956	211000022278244	1540	200343552
957	211000022279246	1538	200409088
958	211000022279686	1534	200474624
959	211000022278451	1533	200540160
960	211000022280159	1533	200605696
961	211000022279671	1532	200671232
962	211000022279295	1529	200736768
963	211000022280325	1527	200802304
964	211000022278692	1525	200867840
965	211000022279870	1525	200933376
966	211000022278307	1525	200998912
967	211000022278947	1521	201064448
968	211000022280221	1520	201129984
969	211000022278693	1519	201195520
970	211000022278733	1518	201261056
971	211000022278227	1516	201326592
972	211000022279515	1510	201392128
973	211000022278861	1509	201457664
974	211000022278210	1508	201523200
975	211000022278786	1504	201588736
976	211000022278182	1504	201654272
977	211000022278594	1502	201719808
978	211000022280102	1494	201785344
979	211000022279619	1492	201850880
980	211000022279074	1492	201916416
981	211000022278721	1490	201981952
982	211000022279066	1489	202047488
983	211000022278829	1488	202113024
984	211000022279540	1487	202178560
985	211000022280338	1487	202244096
986	211000022278872	1485	202309632
987	211000022279207	1484	202375168
988	211000022278827	1482	202440704
989	211000022278512	1478	202506240
990	211000022278851	1476	202571776
991	211000022278456	1475	202637312
992	211000022280031	1473	202702848
993	211000022280235	1471	202768384
994	211000022279152	1468	202833920
995	211000022279904	1467	202899456
996	211000022278550	1466	202964992
997	211000022279696	1464	203030528
998	211000022279664	1462	203096064
999	211000022279509	1461	203161600
1000	211000022278414	1461	203227136
1001	211000022278214	1459	203292672
1002	211000022279204	1458	203358208
1003	211000022279963	1456	203423744
1004	211000022278252	1453	203489280
1005	211000022278618	1452	203554816
1006	211000022278690	1452	203620352
1007	211000022279793	1451	203685888
1008	211000022278286	1446	203751424
1009	211000022279875	1446	203816960
1010	211000022279522	1445	203882496
1011	211000022278997	1443	203948032
1012	211000022278340	1441	204013568
1013	211000022279876	1440	204079104
1014	211000022278262	1436	204144640
1015	211000022278139	1432	204210176
1016	211000022278568	1432	204275712
1017	211000022279437	1432	204341248
1018	211000022279748	1430	204406784
1019	211000022279600	1429	204472320
1020	211000022279950	1429	204537856
1021	211000022279112	1425	204603392
1022	211000022279749	1424	204668928
1023	211000022280009	1424	204734464
1024	211000022278322	1424	204800000
1025	211000022278838	1423	204865536
1026	211000022279507	1422	204931072
1027	211000022279068	1421	204996608
1028	211000022278837	1419	205062144
1029	211000022278366	1416	205127680
1030	211000022278420	1416	205193216
1031	211000022278558	1416	205258752
1032	211000022278548	1415	205324288
1033	211000022278949	1412	205389824
1034	211000022278342	1412	205455360
1035	211000022279464	1411	205520896
1036	211000022280706	1410	205586432
1037	211000022278646	1408	205651968
1038	211000022279454	1408	205717504
1039	211000022279529	1407	205783040
1040	211000022280336	1406	205848576
1041	211000022278167	1404	205914112
1042	211000022279888	1402	205979648
1043	211000022278038	1395	206045184
1044	211000022280322	1394	206110720
1045	211000022279279	1393	206176256
1046	211000022279694	1391	206241792
1047	211000022278593	1391	206307328
1048	211000022280644	1391	206372864
1049	211000022280346	1386	206438400
1050	211000022278822	1386	206503936
1051	211000022280676	1385	206569472
1052	211000022279737	1384	206635008
1053	211000022280116	1383	206700544
1054	211000022279907	1382	206766080
1055	211000022278644	1381	206831616
1056	211000022279890	1381	206897152
1057	211000022278256	1380	206962688
1058	211000022278836	1380	207028224
1059	211000022279593	1379	207093760
1060	211000022278676	1378	207159296
1061	211000022279393	1377	207224832
1062	211000022279433	1377	207290368
1063	211000022280181	1377	207355904
1064	211000022280071	1377	207421440
1065	211000022278855	1376	207486976
1066	211000022279371	1375	207552512
1067	211000022278575	1374	207618048
1068	211000022279023	1374	207683584
1069	211000022278689	1373	207749120
1070	211000022280341	1371	207814656
1071	211000022279324	1369	207880192
1072	211000022280030	1368	207945728
1073	211000022278413	1366	208011264
1074	211000022280022	1361	208076800
1075	211000022279484	1360	208142336
1076	211000022279365	1356	208207872
1077	211000022279392	1356	208273408
1078	211000022278476	1355	208338944
1079	211000022278609	1355	208404480
1080	211000022279100	1352	208470016
1081	211000022280327	1351	208535552
1082	211000022279415	1347	208601088
1083	211000022278757	1347	208666624
1084	211000022278157	1346	208732160
1085	211000022278793	1344	208797696
1086	211000022278127	1343	208863232
1087	211000022280044	1341	208928768
1088	211000022280162	1340	208994304
1089	211000022280343	1340	209059840
1090	211000022279073	1340	209125376
1091	211000022280206	1339	209190912
1092	211000022279421	1339	209256448
1093	211000022278212	1337	209321984
1094	211000022279871	1337	209387520
1095	211000022278832	1336	209453056
1096	211000022278151	1334	209518592
1097	211000022279274	1333	209584128
1098	211000022280140	1333	209649664
1099	211000022279550	1333	209715200
1100	211000022279685	1332	209780736
1101	211000022278144	1330	209846272
1102	211000022279485	1330	209911808
1103	211000022278865	1328	209977344
1104	211000022278470	1327	210042880
1105	211000022280034	1326	210108416
1106	211000022279079	1326	210173952
1107	211000022279516	1323	210239488
1108	211000022278830	1323	210305024
1109	211000022279404	1322	210370560
1110	211000022279106	1316	210436096
1111	211000022279343	1315	210501632
1112	211000022278194	1315	210567168
1113	211000022278492	1315	210632704
1114	211000022279674	1315	210698240
1115	211000022278268	1312	210763776
1116	211000022279362	1311	210829312
1117	211000022278122	1311	210894848
1118	211000022278204	1310	210960384
1119	211000022279944	1310	211025920
1120	211000022279388	1309	211091456
1121	211000022278714	1308	211156992
1122	211000022279767	1306	211222528
1123	211000022279354	1304	211288064
1124	211000022278899	1304	211353600
1125	211000022279143	1304	211419136
1126	211000022279560	1304	211484672
1127	211000022278894	1303	211550208
1128	211000022278722	1303	211615744
1129	211000022278915	1302	211681280
1130	211000022278408	1301	211746816
1131	211000022279984	1301	211812352
1132	211000022279048	1299	211877888
1133	211000022278574	1297	211943424
1134	211000022278153	1297	212008960
1135	211000022279319	1297	212074496
1136	211000022278607	1296	212140032
1137	211000022278487	1295	212205568
1138	211000022279699	1294	212271104
1139	211000022278735	1294	212336640
1140	211000022280007	1294	212402176
1141	211000022278962	1293	212467712
1142	211000022280191	1291	212533248
1143	211000022279723	1290	212598784
1144	211000022279087	1289	212664320
1145	211000022279318	1287	212729856
1146	211000022279692	1286	212795392
1147	211000022279580	1285	212860928
1148	211000022278405	1284	212926464
1149	211000022279328	1284	212992000
1150	211000022278324	1283	213057536
1151	211000022279835	1283	213123072
1152	211000022278418	1282	213188608
1153	211000022279998	1281	213254144
1154	211000022278604	1280	213319680
1155	211000022279770	1280	213385216
1156	211000022279926	1279	213450752
1157	211000022279411	1278	213516288
1158	211000022278980	1278	213581824
1159	211000022278338	1278	213647360
1160	211000022278348	1277	213712896
1161	211000022279182	1277	213778432
1162	211000022280157	1277	213843968
1163	211000022280152	1276	213909504
1164	211000022279805	1275	213975040
1165	211000022279708	1275	214040576
1166	211000022279656	1274	214106112
1167	211000022280262	1274	214171648
1168	211000022278356	1272	214237184
1169	211000022278856	1271	214302720
1170	211000022279378	1271	214368256
1171	211000022280174	1271	214433792
1172	211000022279978	1271	214499328
1173	211000022279269	1271	214564864
1174	211000022279496	1270	214630400
1175	211000022279724	1270	214695936
1176	211000022278580	1270	214761472
1177	211000022279764	1269	214827008
1178	211000022278791	1268	214892544
1179	211000022279045	1268	214958080
1180	211000022279441	1266	215023616
1181	211000022279721	1265	215089152
1182	211000022278973	1264	215154688
1183	211000022278773	1263	215220224
1184	211000022278993	1263	215285760
1185	211000022279015	1263	215351296
1186	211000022278302	1262	215416832
1187	211000022278889	1262	215482368
1188	211000022278932	1262	215547904
1189	211000022279856	1261	215613440
1190	211000022280224	1261	215678976
1191	211000022278756	1260	215744512
1192	211000022279615	1260	215810048
1193	211000022280091	1260	215875584
1194	211000022279528	1260	215941120
1195	211000022278281	1259	216006656
1196	211000022278887	1258	216072192
1197	211000022278382	1258	216137728
1198	211000022278187	1258	216203264
1199	211000022279610	1257	216268800
1200	211000022279172	1253	216334336
1201	211000022279071	1253	216399872
1202	211000022278691	1252	216465408
1203	211000022278848	1251	216530944
1204	211000022280020	1251	216596480
1205	211000022280045	1251	216662016
1206	211000022278843	1251	216727552
1207	211000022278161	1250	216793088
1208	211000022279432	1249	216858624
1209	211000022279990	1248	216924160
1210	211000022278717	1247	216989696
1211	211000022280177	1246	217055232
1212	211000022279218	1246	217120768
1213	211000022278478	1244	217186304
1214	211000022279725	1243	217251840
1215	211000022280678	1242	217317376
1216	211000022278943	1241	217382912
1217	211000022278631	1241	217448448
1218	211000022279491	1241	217513984
1219	211000022278808	1240	217579520
1220	211000022278505	1240	217645056
1221	211000022280053	1240	217710592
1222	211000022280304	1239	217776128
1223	211000022278640	1238	217841664
1224	211000022278814	1238	217907200
1225	211000022278882	1238	217972736
1226	211000022278971	1238	218038272
1227	211000022278135	1237	218103808
1228	211000022279124	1236	218169344
1229	211000022279412	1235	218234880
1230	211000022279570	1235	218300416
1231	211000022278369	1234	218365952
1232	211000022279267	1234	218431488
1233	211000022279728	1234	218497024
1234	211000022279417	1233	218562560
1235	211000022278654	1233	218628096
1236	211000022278136	1232	218693632
1237	211000022280210	1231	218759168
1238	211000022279144	1231	218824704
1239	211000022279183	1231	218890240
1240	211000022278727	1231	218955776
1241	211000022279678	1230	219021312
1242	211000022280179	1229	219086848
1243	211000022278582	1229	219152384
1244	211000022278632	1228	219217920
1245	211000022279156	1227	219283456
1246	211000022279645	1227	219348992
1247	211000022279918	1227	219414528
1248	211000022280318	1227	219480064
1249	211000022279778	1226	219545600
1250	211000022279979	1226	219611136
1251	211000022278242	1226	219676672
1252	211000022280126	1225	219742208
1253	211000022278755	1225	219807744
1254	211000022279128	1225	219873280
1255	211000022280085	1225	219938816
1256	211000022280139	1225	220004352
1257	211000022280303	1225	220069888
1258	211000022279590	1224	220135424
1259	211000022279682	1224	220200960
1260	211000022278798	1224	220266496
1261	211000022279047	1224	220332032
1262	211000022278758	1223	220397568
1263	211000022278624	1223	220463104
1264	211000022280308	1223	220528640
1265	211000022278651	1222	220594176
1266	211000022278935	1222	220659712
1267	211000022278637	1221	220725248
1268	211000022278297	1220	220790784
1269	211000022280230	1220	220856320
1270	211000022279647	1219	220921856
1271	211000022280081	1219	220987392
1272	211000022279017	1219	221052928
1273	211000022279872	1218	221118464
1274	211000022279335	1218	221184000
1275	211000022278196	1214	221249536
1276	211000022280691	1213	221315072
1277	211000022279554	1212	221380608
1278	211000022279860	1212	221446144
1279	211000022279991	1211	221511680
1280	211000022279300	1211	221577216
1281	211000022279185	1210	221642752
1282	211000022279302	1209	221708288
1283	211000022280314	1209	221773824
1284	211000022279648	1209	221839360
1285	211000022279480	1208	221904896
1286	211000022278748	1208	221970432
1287	211000022279729	1208	222035968
1288	211000022279862	1208	222101504
1289	211000022279819	1207	222167040
1290	211000022278409	1206	222232576
1291	211000022279591	1205	222298112
1292	211000022278729	1205	222363648
1293	211000022279853	1205	222429184
1294	211000022279425	1203	222494720
1295	211000022279445	1203	222560256
1296	211000022280154	1203	222625792
1297	211000022279413	1202	222691328
1298	211000022280090	1202	222756864
1299	211000022280120	1201	222822400
1300	211000022278430	1200	222887936
1301	211000022279127	1200	222953472
1302	211000022279531	1200	223019008
1303	211000022278503	1199	223084544
1304	211000022280121	1199	223150080
1305	211000022278569	1198	223215616
1306	211000022279555	1198	223281152
1307	211000022279462	1197	223346688
1308	211000022280345	1197	223412224
1309	211000022278466	1195	223477760
1310	211000022278290	1195	223543296
1311	211000022278547	1195	223608832
1312	211000022278231	1195	223674368
1313	211000022279174	1195	223739904
1314	211000022278769	1194	223805440
1315	211000022280076	1193	223870976
1316	211000022279444	1193	223936512
1317	211000022278171	1193	224002048
1318	211000022279758	1193	224067584
1319	211000022279498	1192	224133120
1320	211000022278990	1192	224198656
1321	211000022278951	1192	224264192
1322	211000022279789	1191	224329728
1323	211000022280083	1191	224395264
1324	211000022278668	1190	224460800
1325	211000022278407	1190	224526336
1326	211000022280319	1190	224591872
1327	211000022278370	1189	224657408
1328	211000022279095	1189	224722944
1329	211000022278479	1189	224788480
1330	211000022279738	1189	224854016
1331	211000022280689	1189	224919552
1332	211000022278925	1189	224985088
1333	211000022279508	1188	225050624
1334	211000022279406	1186	225116160
1335	211000022279536	1186	225181696
1336	211000022278355	1186	225247232
1337	211000022278142	1186	225312768
1338	211000022279660	1186	225378304
1339	211000022278091	1185	225443840
1340	211000022279358	1185	225509376
1341	211000022279631	1185	225574912
1342	211000022279290	1185	225640448
1343	211000022278202	1184	225705984
1344	211000022279339	1184	225771520
1345	211000022279830	1184	225837056
1346	211000022278910	1184	225902592
1347	211000022280194	1182	225968128
1348	211000022279974	1182	226033664
1349	211000022278429	1181	226099200
1350	211000022279831	1181	226164736
1351	211000022280077	1181	226230272
1352	211000022279375	1179	226295808
1353	211000022278702	1179	226361344
1354	211000022279622	1179	226426880
1355	211000022278166	1178	226492416
1356	211000022279317	1178	226557952
1357	211000022278265	1178	226623488
1358	211000022280225	1178	226689024
1359	211000022279505	1178	226754560
1360	211000022279012	1178	226820096
1361	211000022280183	1177	226885632
1362	211000022279452	1176	226951168
1363	211000022278497	1175	227016704
1364	211000022279501	1175	227082240
1365	211000022278610	1174	227147776
1366	211000022279811	1174	227213312
1367	211000022279360	1173	227278848
1368	211000022278688	1173	227344384
1369	211000022279803	1173	227409920
1370	211000022279956	1171	227475456
1371	211000022278432	1171	227540992
1372	211000022279999	1171	227606528
1373	211000022279679	1171	227672064
1374	211000022279669	1170	227737600
1375	211000022279668	1169	227803136
1376	211000022279410	1169	227868672
1377	211000022278940	1168	227934208
1378	211000022280257	1167	227999744
1379	211000022278781	1167	228065280
1380	211000022278897	1167	228130816
1381	211000022279266	1166	228196352
1382	211000022279549	1166	228261888
1383	211000022280164	1166	228327424
1384	211000022279333	1166	228392960
1385	211000022278423	1165	228458496
1386	211000022278673	1165	228524032
1387	211000022278950	1164	228589568
1388	211000022278296	1163	228655104
1389	211000022279006	1163	228720640
1390	211000022279986	1163	228786176
1391	211000022278119	1163	228851712
1392	211000022278267	1163	228917248
1393	211000022279655	1163	228982784
1394	211000022278313	1162	229048320
1395	211000022278520	1162	229113856
1396	211000022279280	1162	229179392
1397	211000022278708	1161	229244928
1398	211000022279304	1161	229310464
1399	211000022279833	1161	229376000
1400	211000022278170	1160	229441536
1401	211000022278184	1160	229507072
1402	211000022278901	1160	229572608
1403	211000022278403	1159	229638144
1404	211000022279135	1159	229703680
1405	211000022278477	1159	229769216
1406	211000022279164	1159	229834752
1407	211000022279857	1159	229900288
1408	211000022278946	1158	229965824
1409	211000022279773	1158	230031360
1410	211000022279511	1158	230096896
1411	211000022278416	1157	230162432
1412	211000022279069	1157	230227968
1413	211000022279309	1156	230293504
1414	211000022279448	1156	230359040
1415	211000022278283	1155	230424576
1416	211000022278499	1155	230490112
1417	211000022278892	1155	230555648
1418	211000022279153	1155	230621184
1419	211000022279726	1154	230686720
1420	211000022279469	1154	230752256
1421	211000022279474	1154	230817792
1422	211000022278295	1154	230883328
1423	211000022278174	1153	230948864
1424	211000022280688	1153	231014400
1425	211000022279881	1153	231079936
1426	211000022280056	1152	231145472
1427	211000022278391	1152	231211008
1428	211000022278134	1152	231276544
1429	211000022278995	1152	231342080
1430	211000022279487	1151	231407616
1431	211000022280106	1150	231473152
1432	211000022278870	1150	231538688
1433	211000022278096	1148	231604224
1434	211000022278191	1148	231669760
1435	211000022279232	1148	231735296
1436	211000022279722	1148	231800832
1437	211000022280124	1148	231866368
1438	211000022279181	1148	231931904
1439	211000022278401	1147	231997440
1440	211000022280130	1147	232062976
1441	211000022279352	1147	232128512
1442	211000022279148	1146	232194048
1443	211000022279935	1146	232259584
1444	211000022278663	1146	232325120
1445	211000022279690	1145	232390656
1446	211000022278263	1144	232456192
1447	211000022280180	1144	232521728
1448	211000022279175	1144	232587264
1449	211000022279901	1144	232652800
1450	211000022278760	1144	232718336
1451	211000022278033	1143	232783872
1452	211000022280704	1143	232849408
1453	211000022278936	1142	232914944
1454	211000022279361	1142	232980480
1455	211000022280018	1142	233046016
1456	211000022279987	1141	233111552
1457	211000022279995	1141	233177088
1458	211000022279603	1140	233242624
1459	211000022278143	1140	233308160
1460	211000022278745	1140	233373696
1461	211000022279938	1140	233439232
1462	211000022278807	1139	233504768
1463	211000022279418	1139	233570304
1464	211000022279422	1139	233635840
1465	211000022278928	1139	233701376
1466	211000022279458	1139	233766912
1467	211000022278294	1138	233832448
1468	211000022280232	1137	233897984
1469	211000022279391	1136	233963520
1470	211000022278333	1136	234029056
1471	211000022279222	1136	234094592
1472	211000022279941	1136	234160128
1473	211000022278221	1135	234225664
1474	211000022279115	1135	234291200
1475	211000022279543	1135	234356736
1476	211000022278750	1134	234422272
1477	211000022279747	1134	234487808
1478	211000022278450	1134	234553344
1479	211000022280017	1134	234618880
1480	211000022278516	1133	234684416
1481	211000022279744	1133	234749952
1482	211000022278958	1133	234815488
1483	211000022278140	1132	234881024
1484	211000022279088	1132	234946560
1485	211000022279125	1132	235012096
1486	211000022279799	1132	235077632
1487	211000022278906	1131	235143168
1488	211000022278977	1131	235208704
1489	211000022279800	1131	235274240
1490	211000022278445	1130	235339776
1491	211000022278788	1130	235405312
1492	211000022278485	1130	235470848
1493	211000022278933	1129	235536384
1494	211000022279684	1129	235601920
1495	211000022278987	1129	235667456
1496	211000022279899	1129	235732992
1497	211000022278072	1127	235798528
1498	211000022278920	1127	235864064
1499	211000022278123	1126	235929600
1500	211000022278412	1126	235995136
1501	211000022279564	1126	236060672
1502	211000022278959	1126	236126208
1503	211000022279212	1126	236191744
1504	211000022278877	1125	236257280
1505	211000022279407	1125	236322816
1506	211000022278751	1124	236388352
1507	211000022279652	1124	236453888
1508	211000022278145	1123	236519424
1509	211000022278328	1123	236584960
1510	211000022278511	1123	236650496
1511	211000022280268	1123	236716032
1512	211000022279055	1123	236781568
1513	211000022279910	1122	236847104
1514	211000022278360	1121	236912640
1515	211000022278747	1120	236978176
1516	211000022279221	1119	237043712
1517	211000022279240	1119	237109248
1518	211000022279400	1118	237174784
1519	211000022279493	1118	237240320
1520	211000022278514	1118	237305856
1521	211000022279165	1118	237371392
1522	211000022279576	1117	237436928
1523	211000022278944	1117	237502464
1524	211000022279042	1117	237568000
1525	211000022279769	1117	237633536
1526	211000022279632	1117	237699072
1527	211000022279985	1117	237764608
1528	211000022278736	1116	237830144
1529	211000022279546	1116	237895680
1530	211000022279203	1116	237961216
1531	211000022279618	1116	238026752
1532	211000022279845	1116	238092288
1533	211000022280312	1116	238157824
1534	211000022279666	1115	238223360
1535	211000022278257	1115	238288896
1536	211000022279108	1115	238354432
1537	211000022278886	1114	238419968
1538	211000022279325	1114	238485504
1539	211000022278248	1114	238551040
1540	211000022278533	1114	238616576
1541	211000022279874	1114	238682112
1542	211000022279399	1114	238747648
1543	211000022278200	1112	238813184
1544	211000022280702	1112	238878720
1545	211000022280023	1112	238944256
1546	211000022280173	1112	239009792
1547	211000022279813	1111	239075328
1548	211000022279236	1110	239140864
1549	211000022280331	1110	239206400
1550	211000022279102	1110	239271936
1551	211000022278309	1110	239337472
1552	211000022279014	1109	239403008
1553	211000022280000	1109	239468544
1554	211000022278873	1109	239534080
1555	211000022279859	1109	239599616
1556	211000022279414	1108	239665152
1557	211000022279933	1108	239730688
1558	211000022279510	1107	239796224
1559	211000022278285	1107	239861760
1560	211000022278725	1107	239927296
1561	211000022279005	1106	239992832
1562	211000022279923	1106	240058368
1563	211000022279355	1105	240123904
1564	211000022279359	1105	240189440
1565	211000022278345	1105	240254976
1566	211000022280097	1105	240320512
1567	211000022280123	1105	240386048
1568	211000022278603	1105	240451584
1569	211000022278862	1103	240517120
1570	211000022279160	1103	240582656
1571	211000022279659	1103	240648192
1572	211000022280193	1102	240713728
1573	211000022280150	1102	240779264
1574	211000022279604	1102	240844800
1575	211000022278201	1101	240910336
1576	211000022280079	1101	240975872
1577	211000022279965	1101	241041408
1578	211000022279832	1100	241106944
1579	211000022278880	1100	241172480
1580	211000022278197	1099	241238016
1581	211000022280685	1099	241303552
1582	211000022279586	1098	241369088
1583	211000022279057	1098	241434624
1584	211000022279227	1098	241500160
1585	211000022278326	1097	241565696
1586	211000022278090	1097	241631232
1587	211000022279051	1097	241696768
1588	211000022280256	1096	241762304
1589	211000022279975	1096	241827840
1590	211000022279336	1094	241893376
1591	211000022279067	1093	241958912
1592	211000022278236	1092	242024448
1593	211000022279880	1091	242089984
1594	211000022278833	1091	242155520
1595	211000022279151	1090	242221056
1596	211000022278537	1090	242286592
1597	211000022280075	1090	242352128
1598	211000022280291	1090	242417664
1599	211000022279661	1090	242483200
1600	211000022279672	1089	242548736
1601	211000022279943	1089	242614272
1602	211000022279374	1088	242679808
1603	211000022279533	1088	242745344
1604	211000022278349	1088	242810880
1605	211000022278909	1088	242876416
1606	211000022279551	1087	242941952
1607	211000022280065	1087	243007488
1608	211000022279403	1087	243073024
1609	211000022280051	1086	243138560
1610	211000022278223	1086	243204096
1611	211000022278803	1086	243269632
1612	211000022279605	1086	243335168
1613	211000022278486	1084	243400704
1614	211000022280240	1084	243466240
1615	211000022278761	1084	243531776
1616	211000022278660	1084	243597312
1617	211000022280019	1084	243662848
1618	211000022279578	1083	243728384
1619	211000022279569	1083	243793920
1620	211000022279781	1083	243859456
1621	211000022278623	1082	243924992
1622	211000022278573	1082	243990528
1623	211000022278592	1081	244056064
1624	211000022278859	1081	244121600
1625	211000022279369	1080	244187136
1626	211000022279824	1080	244252672
1627	211000022278878	1080	244318208
1628	211000022280084	1079	244383744
1629	211000022279154	1079	244449280
1630	211000022278301	1078	244514816
1631	211000022278371	1078	244580352
1632	211000022278524	1078	244645888
1633	211000022279467	1078	244711424
1634	211000022279252	1077	244776960
1635	211000022278241	1077	244842496
1636	211000022278776	1076	244908032
1637	211000022279155	1076	244973568
1638	211000022279013	1076	245039104
1639	211000022279141	1076	245104640
1640	211000022278903	1075	245170176
1641	211000022278917	1075	245235712
1642	211000022278813	1075	245301248
1643	211000022279459	1075	245366784
1644	211000022278704	1074	245432320
1645	211000022278730	1074	245497856
1646	211000022279959	1074	245563392
1647	211000022280054	1074	245628928
1648	211000022279007	1073	245694464
1649	211000022278600	1072	245760000
1650	211000022279988	1072	245825536
1651	211000022278311	1071	245891072
1652	211000022279882	1071	245956608
1653	211000022279430	1070	246022144
1654	211000022278441	1070	246087680
1655	211000022279624	1070	246153216
1656	211000022279592	1069	246218752
1657	211000022279742	1069	246284288
1658	211000022279486	1068	246349824
1659	211000022278526	1067	246415360
1660	211000022278635	1067	246480896
1661	211000022280350	1067	246546432
1662	211000022279405	1066	246611968
1663	211000022279149	1064	246677504
1664	211000022279727	1064	246743040
1665	211000022279137	1064	246808576
1666	211000022278276	1063	246874112
1667	211000022279306	1063	246939648
1668	211000022279584	1063	247005184
1669	211000022278253	1063	247070720
1670	211000022278534	1063	247136256
1671	211000022278699	1063	247201792
1672	211000022278787	1063	247267328
1673	211000022279385	1063	247332864
1674	211000022278385	1062	247398400
1675	211000022279242	1062	247463936
1676	211000022278540	1062	247529472
1677	211000022280142	1062	247595008
1678	211000022278852	1062	247660544
1679	211000022278260	1061	247726080
1680	211000022279031	1060	247791616
1681	211000022278881	1060	247857152
1682	211000022279927	1060	247922688
1683	211000022278720	1059	247988224
1684	211000022279952	1059	248053760
1685	211000022279034	1059	248119296
1686	211000022278106	1058	248184832
1687	211000022279782	1058	248250368
1688	211000022279801	1058	248315904
1689	211000022280125	1058	248381440
1690	211000022279327	1057	248446976
1691	211000022278989	1056	248512512
1692	211000022278417	1056	248578048
1693	211000022279211	1056	248643584
1694	211000022279377	1056	248709120
1695	211000022278459	1055	248774656
1696	211000022279814	1055	248840192
1697	211000022278841	1055	248905728
1698	211000022279314	1054	248971264
1699	211000022278571	1054	249036800
1700	211000022279506	1053	249102336
1701	211000022279572	1053	249167872
1702	211000022279885	1053	249233408
1703	211000022279861	1053	249298944
1704	211000022279677	1053	249364480
1705	211000022278199	1052	249430016
1706	211000022278530	1052	249495552
1707	211000022278835	1052	249561088
1708	211000022279291	1051	249626624
1709	211000022278357	1051	249692160
1710	211000022278419	1051	249757696
1711	211000022278647	1051	249823232
1712	211000022280040	1051	249888768
1713	211000022278410	1050	249954304
1714	211000022280043	1050	250019840
1715	211000022279086	1049	250085376
1716	211000022279424	1049	250150912
1717	211000022278682	1049	250216448
1718	211000022278237	1049	250281984
1719	211000022278501	1049	250347520
1720	211000022279286	1048	250413056
1721	211000022280149	1048	250478592
1722	211000022279258	1048	250544128
1723	211000022278705	1048	250609664
1724	211000022280069	1048	250675200
1725	211000022278641	1047	250740736
1726	211000022278804	1047	250806272
1727	211000022278339	1047	250871808
1728	211000022278504	1047	250937344
1729	211000022279438	1046	251002880
1730	211000022278240	1045	251068416
1731	211000022278535	1045	251133952
1732	211000022279168	1045	251199488
1733	211000022279465	1045	251265024
1734	211000022278427	1044	251330560
1735	211000022278985	1044	251396096
1736	211000022279387	1044	251461632
1737	211000022278996	1043	251527168
1738	211000022279771	1043	251592704
1739	211000022278599	1042	251658240
1740	211000022279740	1042	251723776
1741	211000022280168	1042	251789312
1742	211000022279083	1042	251854848
1743	211000022279492	1042	251920384
1744	211000022278956	1041	251985920
1745	211000022279329	1041	252051456
1746	211000022278983	1041	252116992
1747	211000022278715	1040	252182528
1748	211000022280117	1040	252248064
1749	211000022279271	1040	252313600
1750	211000022278305	1040	252379136
1751	211000022279443	1039	252444672
1752	211000022280072	1039	252510208
1753	211000022280025	1039	252575744
1754	211000022278291	1038	252641280
1755	211000022278517	1038	252706816
1756	211000022278824	1038	252772352
1757	211000022278818	1037	252837888
1758	211000022278617	1037	252903424
1759	211000022279908	1037	252968960
1760	211000022279518	1037	253034496
1761	211000022278596	1036	253100032
1762	211000022278158	1036	253165568
1763	211000022278538	1035	253231104
1764	211000022278970	1035	253296640
1765	211000022279050	1035	253362176
1766	211000022279053	1035	253427712
1767	211000022278562	1035	253493248
1768	211000022279906	1033	253558784
1769	211000022278541	1033	253624320
1770	211000022278772	1033	253689856
1771	211000022278453	1033	253755392
1772	211000022279599	1032	253820928
1773	211000022280178	1032	253886464
1774	211000022278965	1032	253952000
1775	211000022279356	1031	254017536
1776	211000022280014	1031	254083072
1777	211000022279315	1031	254148608
1778	211000022278588	1030	254214144
1779	211000022278680	1030	254279680
1780	211000022280057	1030	254345216
1781	211000022278386	1029	254410752
1782	211000022279117	1029	254476288
1783	211000022278948	1029	254541824
1784	211000022280011	1029	254607360
1785	211000022278939	1029	254672896
1786	211000022279791	1029	254738432
1787	211000022279802	1029	254803968
1788	211000022280266	1028	254869504
1789	211000022278834	1028	254935040
1790	211000022278884	1027	255000576
1791	211000022279111	1027	255066112
1792	211000022279272	1027	255131648
1793	211000022279351	1026	255197184
1794	211000022279120	1026	255262720
1795	211000022278207	1025	255328256
1796	211000022278377	1025	255393792
1797	211000022278972	1025	255459328
1798	211000022278898	1025	255524864
1799	211000022279526	1023	255590400
1800	211000022278669	1023	255655936
1801	211000022279262	1022	255721472
1802	211000022279289	1022	255787008
1803	211000022279195	1022	255852544
1804	211000022278474	1022	255918080
1805	211000022278031	1021	255983616
1806	211000022279809	1021	256049152
1807	211000022279954	1021	256114688
1808	211000022278710	1020	256180224
1809	211000022278287	1020	256245760
1810	211000022278585	1020	256311296
1811	211000022279308	1019	256376832
1812	211000022278638	1019	256442368
1813	211000022280681	1019	256507904
1814	211000022279264	1019	256573440
1815	211000022279785	1019	256638976
1816	211000022278626	1018	256704512
1817	211000022278759	1018	256770048
1818	211000022278350	1018	256835584
1819	211000022279644	1018	256901120
1820	211000022279736	1016	256966656
1821	211000022279626	1016	257032192
1822	211000022279741	1016	257097728
1823	211000022279609	1015	257163264
1824	211000022279113	1015	257228800
1825	211000022279792	1014	257294336
1826	211000022279693	1014	257359872
1827	211000022278424	1014	257425408
1828	211000022280290	1014	257490944
1829	211000022279972	1014	257556480
1830	211000022278258	1013	257622016
1831	211000022279010	1013	257687552
1832	211000022278247	1013	257753088
1833	211000022279215	1012	257818624
1834	211000022278458	1012	257884160
1835	211000022279134	1012	257949696
1836	211000022279589	1012	258015232
1837	211000022279670	1012	258080768
1838	211000022279946	1011	258146304
1839	211000022279180	1011	258211840
1840	211000022278483	1011	258277376
1841	211000022279342	1011	258342912
1842	211000022279646	1010	258408448
1843	211000022278272	1010	258473984
1844	211000022279639	1010	258539520
1845	211000022279235	1010	258605056
1846	211000022278095	1008	258670592
1847	211000022279720	1008	258736128
1848	211000022279200	1008	258801664
1849	211000022278488	1007	258867200
1850	211000022278650	1007	258932736
1851	211000022279353	1006	258998272
1852	211000022278152	1006	259063808
1853	211000022278718	1006	259129344
1854	211000022279384	1005	259194880
1855	211000022279132	1005	259260416
1856	211000022278811	1005	259325952
1857	211000022278539	1005	259391488
1858	211000022280165	1005	259457024
1859	211000022279409	1004	259522560
1860	211000022278137	1004	259588096
1861	211000022279103	1004	259653632
1862	211000022278230	1004	259719168
1863	211000022278074	1003	259784704
1864	211000022278576	1001	259850240
1865	211000022279016	1001	259915776
1866	211000022278179	1001	259981312
1867	211000022278384	1001	260046848
1868	211000022278495	1001	260112384
1869	211000022280427	564	260177920
1870	211000022279089	544	260243456
Started loading the genome: Sun Sep  6 00:35:55 2026

Genome: size given as a parameter = 260308992
SA: size given as a parameter = 1176227394
SAindex: size given as a parameter = 1
Read from SAindex: pGe.gSAindexNbases=12  nSAi=22369620
nGenome=260308992;  nSAbyte=1176227394
GstrandBit=32   SA number of indices=285146034
Shared memory is not used for genomes. Allocated a private copy of the genome.
Genome file size: 260308992 bytes; state: good=1 eof=0 fail=0 bad=0
Loading Genome ... done! state: good=1 eof=0 fail=0 bad=0; loaded 260308992 bytes
SA file size: 1176227394 bytes; state: good=1 eof=0 fail=0 bad=0
Loading SA ... done! state: good=1 eof=0 fail=0 bad=0; loaded 1176227394 bytes
Loading SAindex ... done: 97867203 bytes
Finished loading the genome: Sun Sep  6 00:35:56 2026

Sum of all Genome bytes: 801342591
Sum of all SA bytes: 131327311007
Sum of all SAi bytes: 10047604296
alignIntronMax=alignMatesGapMax=0, the max intron size will be approximately determined by (2^winBinNbits)*winAnchorDistNbins=589824
Created thread # 1
Created thread # 2
Created thread # 3
Created thread # 4
Created thread # 5
Thread #4 end of input stream, nextChar=-1
Completed: thread #4
Completed: thread #3
Completed: thread #0
Completed: thread #5
Completed: thread #1
Joined thread # 1
Completed: thread #2
Joined thread # 2
Joined thread # 3
Joined thread # 4
Joined thread # 5
Sep 06 00:37:32 ..... finished mapping
RAM after mapping:

RAM after freeing genome index memory:

ALL DONE!
